PS C:\Users\Shreyas\gp2website> git init
Initialized empty Git repository in C:/Users/Shreyas/gp2website/.git/
PS C:\Users\Shreyas\gp2website> git branch -M main
PS C:\Users\Shreyas\gp2website> echo "# gp2testwebsite" >> README.md
PS C:\Users\Shreyas\gp2website> git add README.md
PS C:\Users\Shreyas\gp2website> git commit -m "first commit"
[main (root-commit) d85f949] first commit
 1 file changed, 0 insertions(+), 0 deletions(-)
 create mode 100644 README.md
PS C:\Users\Shreyas\gp2website> git push -u origin main
Enumerating objects: 3, done.
Counting objects: 100% (3/3), done.
Writing objects: 100% (3/3), 242 bytes | 242.00 KiB/s, done.
Total 3 (delta 0), reused 0 (delta 0), pack-reused 0
To https://github.com/shreyas-g-siddu/gp2testwebsite.git
 * [new branch]      main -> main
branch 'main' set up to track 'origin/main'.
PS C:\Users\Shreyas\gp2website> git add ContactUs.html
PS C:\Users\Shreyas\gp2website> git add about.html
PS C:\Users\Shreyas\gp2website> git add index.html
PS C:\Users\Shreyas\gp2website> git commit -m "website commit"
[main 84c9700] website commit
 3 files changed, 49 insertions(+)
 create mode 100644 ContactUs.html
 create mode 100644 about.html
 create mode 100644 index.html
PS C:\Users\Shreyas\gp2website> git push -u origin main
Enumerating objects: 6, done.
Counting objects: 100% (6/6), done.
Delta compression using up to 8 threads
Compressing objects: 100% (5/5), done.
Writing objects: 100% (5/5), 774 bytes | 774.00 KiB/s, done.
Total 5 (delta 2), reused 0 (delta 0), pack-reused 0
remote: Resolving deltas: 100% (2/2), done.
To https://github.com/shreyas-g-siddu/gp2testwebsite.git
   d85f949..84c9700  main -> main
branch 'main' set up to track 'origin/main'.